test_extern.lean:7:0-7:17: error: test_extern: HAdd.hAdd does not have an @[extern] attribute
